// Jest Snapshot v1, https://goo.gl/fbAQLP

exports[`matches snapshot 1`] = `
<div
  className="not-completed"
  data-testid="note-1"
>
  <h1>
    Demo
  </h1>
</div>
`;
